// Jest Snapshot v1, https://goo.gl/fbAQLP

exports[`<App /> Should render the app Layout 1`] = `
<Card
  className="GridCard"
  isFullHeight={true}
  isHoverable={true}
>
  <CardTitle>
    <TextContent>
      <Text
        className="overview-title"
      >
        Overview of the Stack
      </Text>
    </TextContent>
  </CardTitle>
  <CardBody
    className="CardBodySize"
  >
    <Tabs
      activeKey={0}
      component="div"
      isBox={false}
      isFilled={false}
      isSecondary={false}
      isVertical={false}
      leftScrollAriaLabel="Scroll left"
      mountOnEnter={false}
      onSelect={[Function]}
      ouiaSafe={true}
      rightScrollAriaLabel="Scroll right"
      unmountOnExit={false}
      variant="default"
    >
      <Tab
        eventKey={0}
        onSelect={[Function]}
        title={
          <React.Fragment>
            <TabTitleIcon>
              <SecurityIcon
                color="currentColor"
                noVerticalAlign={false}
                size="sm"
              />
            </TabTitleIcon>
            <TabTitleText>
              Security Issues
            </TabTitleText>
          </React.Fragment>
        }
      >
        <br />
        <OverviewContent />
      </Tab>
      <Tab
        eventKey={1}
        title={
          <React.Fragment>
            <TabTitleIcon>
              <ZoneIcon
                color="currentColor"
                noVerticalAlign={false}
                size="sm"
              />
            </TabTitleIcon>
            <TabTitleText>
              Add-ons
            </TabTitleText>
          </React.Fragment>
        }
      >
        <DrawerFC />
      </Tab>
    </Tabs>
  </CardBody>
</Card>
`;
